// Jest Snapshot v1, https://goo.gl/fbAQLP

exports[`Scan ScanJSX 1`] = `
[
  [
    "<Battery value={val} />",
  ],
  [
    "<Battery value={100} theme={{ batteryColor: '#FF4800' }} />",
  ],
  [
    "<Battery value={100} onCalcColor={calcColor} highColor="#999" />",
  ],
]
`;
